node.exe : 
At C:\My\Frame2Code\node_modu
les\.bin\tsc.ps1:24 char:5
+     & "node$exe"  "$basedir
/../typescript/bin/tsc" $args
+     ~~~~~~~~~~~~~~~~~~~~~~~
~~~~~~~~~~~~~~~~~~~~~~~~~~~~~
    + CategoryInfo           
   : NotSpecified: (:String  
  ) [], RemoteException
    + FullyQualifiedErrorId  
   : NativeCommandError
 
<--- Last few GCs --->

[29028:000002763B8F7000]   
526267 ms: Mark-Compact 
4013.3 (4128.0) -> 3997.7 
(4128.5) MB, pooled: 4 MB, 
2885.31 / 0.00 ms  (average 
mu = 0.082, current mu = 
0.029) allocation failure; 
scavenge might not succeed
[29028:000002763B8F7000]   
529838 ms: Mark-Compact 
4013.6 (4128.5) -> 3998.0 
(4128.8) MB, pooled: 4 MB, 
3545.69 / 0.00 ms  (average 
mu = 0.044, current mu = 
0.007) allocation failure; 
scavenge might not succeed


<--- JS stacktrace --->

FATAL ERROR: Ineffective 
mark-compacts near heap 
limit Allocation failed - 
JavaScript heap out of memory
----- Native stack trace 
-----

 1: 00007FF6E0C07487 
node::SetCppgcReference+16583
 2: 00007FF6E0B6B1B8 v8::base
::CPU::num_virtual_address_bi
ts+103032
 3: 00007FF6E16DC011 v8::Isol
ate::ReportExternalAllocation
LimitReached+65
 4: 00007FF6E16C8B96 v8::Func
tion::Experimental_IsNopFunct
ion+3302
 5: 00007FF6E15254E0 v8::inte
rnal::StrongRootAllocatorBase
::StrongRootAllocatorBase+339
04
 6: 00007FF6E151E92A v8::inte
rnal::StrongRootAllocatorBase
::StrongRootAllocatorBase+633
0
 7: 00007FF6E151A165 v8::CpuP
rofileNode::GetScriptResource
NameStr+190613
 8: 00007FF6E0EA3DCD 
BIO_ssl_shutdown+189
 9: 7FF8000000000000 
